// Jest Snapshot v1, https://goo.gl/fbAQLP

exports[`Atom | TextField should match snapshot 1`] = `
<div>
  <div
    class="flex w-full rounded-xl border-2 border-gray-300 className classes.root"
    data-testid="TextField-root"
  >
    <input
      class="w-full rounded-xl bg-transparent px-4 py-[9.5px]"
      data-testid="TextField-input"
      value=""
    />
  </div>
</div>
`;
